// Jest Snapshot v1, https://goo.gl/fbAQLP

exports[`Pruebas en <MultipleCustomHooks/> debe de mostrarse correctamente 1`] = `
<Fragment>
  <h1>
    Breakingbad quotes
  </h1>
  <hr />
  <div
    className="alert alert-info text-center"
  >
    loading....
  </div>
  <br />
  <button
    className="btn btn-primary"
    disabled={true}
    onClick={[Function]}
    type="button"
  >
    Siguiente.
  </button>
</Fragment>
`;
